// Jest Snapshot v1, https://goo.gl/fbAQLP

exports[`Render correctly loader component 1`] = `
<div
  className="lds-dual-ring"
/>
`;
