// Jest Snapshot v1, https://goo.gl/fbAQLP

exports[`Loader component check the snapshot 1`] = `
<DocumentFragment>
  <div
    class="lds-dual-ring"
  />
</DocumentFragment>
`;
