// Jest Snapshot v1, https://goo.gl/fbAQLP

exports[`NotFoundPage component check the snapshot 1`] = `
<DocumentFragment>
  <div
    class="fade max-width-600_center alert alert-danger show"
    role="alert"
  >
    404 - Not found
  </div>
</DocumentFragment>
`;
