// Jest Snapshot v1, https://goo.gl/fbAQLP

exports[`InfoPage component check the snapshot 1`] = `
<DocumentFragment>
  <div
    class="max-width-600_center"
  >
    <div
      class="accordion"
    >
      <div
        class="accordion-item"
      >
        <h2
          class="accordion-header"
        >
          <button
            aria-expanded="true"
            class="accordion-button"
            type="button"
          >
            Weather source
          </button>
        </h2>
        <div
          class="accordion-collapse collapse show"
        >
          <div
            class="accordion-body"
          >
            <h4>
              Free Weather API
            </h4>
            <a
              href="https://www.weatherapi.com/"
            >
              https://www.weatherapi.com/
            </a>
          </div>
        </div>
      </div>
    </div>
  </div>
</DocumentFragment>
`;
