// Jest Snapshot v1, https://goo.gl/fbAQLP

exports[`Header component check the snapshot 1`] = `
<DocumentFragment>
  <header>
    <nav
      class="navbar navbar-expand-sm navbar-dark bg-dark"
    >
      <div
        class="container"
      >
        <a
          class="navbar-brand"
          href="/"
        >
          React-Weather
        </a>
        <button
          aria-controls="basic-navbar-nav"
          aria-label="Toggle navigation"
          class="navbar-toggler collapsed"
          type="button"
        >
          <span
            class="navbar-toggler-icon"
          />
        </button>
        <div
          class="navbar-collapse collapse"
          id="basic-navbar-nav"
        >
          <div
            class="me-auto navbar-nav"
          >
            <a
              aria-current="page"
              class="nav-link active"
              href="/"
            >
              Home
            </a>
            <a
              class="nav-link"
              href="/info"
            >
              Info
            </a>
          </div>
        </div>
      </div>
    </nav>
  </header>
</DocumentFragment>
`;
